// Jest Snapshot v1, https://goo.gl/fbAQLP

exports[`renders correctly, snapshot 1`] = `
Array [
  <header>
    <div
      onClick={[Function]}
    >
      <p
        className="logo-text"
      >
        Drivel.TV
      </p>
    </div>
    <div
      className="search"
    >
      <form
        className="search-form"
      >
        <input
          className="search-input"
          placeholder="Find broadcast..."
          type="text"
        />
        <button
          className="search-button"
          type="button"
        >
          <img
            alt=""
            className="search-icon"
            src="search.svg"
          />
        </button>
      </form>
    </div>
    <div
      className="menu-container"
    >
      <button
        className="live-button"
        onClick={[Function]}
        type="button"
      >
        JUMP TO LIVE
      </button>
      <img
        alt=""
        className="profile-icon"
        src="guest_profile_picture.png"
      />
      <div>
        <div
          className="bm-overlay"
          onClick={[Function]}
          style={
            Object {
              "MozTransform": "translate3d(100%, 0, 0)",
              "MsTransform": "translate3d(100%, 0, 0)",
              "OTransform": "translate3d(100%, 0, 0)",
              "WebkitTransform": "translate3d(100%, 0, 0)",
              "background": "rgba(0, 0, 0, 0.3)",
              "height": "100%",
              "opacity": 0,
              "position": "fixed",
              "transform": "translate3d(100%, 0, 0)",
              "transition": "opacity 0.3s, transform 0s 0.3s",
              "width": "100%",
              "zIndex": 1000,
            }
          }
        />
        <div
          style={Object {}}
        >
          <div
            className="bm-burger-button"
            style={
              Object {
                "zIndex": 1000,
              }
            }
          >
            <button
              id="react-burger-menu-btn"
              onClick={[Function]}
              onMouseOut={[Function]}
              onMouseOver={[Function]}
              style={
                Object {
                  "background": "transparent",
                  "border": "none",
                  "cursor": "pointer",
                  "fontSize": 0,
                  "height": "100%",
                  "left": 0,
                  "margin": 0,
                  "padding": 0,
                  "position": "absolute",
                  "top": 0,
                  "width": "100%",
                  "zIndex": 1,
                }
              }
            >
              Open Menu
            </button>
            <span>
              <span
                className="bm-burger-bars"
                style={
                  Object {
                    "height": "20%",
                    "left": 0,
                    "opacity": 1,
                    "position": "absolute",
                    "right": 0,
                    "top": "0%",
                  }
                }
              />
              <span
                className="bm-burger-bars"
                style={
                  Object {
                    "height": "20%",
                    "left": 0,
                    "opacity": 1,
                    "position": "absolute",
                    "right": 0,
                    "top": "40%",
                  }
                }
              />
              <span
                className="bm-burger-bars"
                style={
                  Object {
                    "height": "20%",
                    "left": 0,
                    "opacity": 1,
                    "position": "absolute",
                    "right": 0,
                    "top": "80%",
                  }
                }
              />
            </span>
          </div>
        </div>
        <div
          aria-hidden={true}
          className="bm-menu-wrap"
          id=""
          style={
            Object {
              "MozTransform": "translate3d(100%, 0, 0)",
              "MsTransform": "translate3d(100%, 0, 0)",
              "OTransform": "translate3d(100%, 0, 0)",
              "WebkitTransform": "translate3d(100%, 0, 0)",
              "height": "100%",
              "position": "fixed",
              "right": 0,
              "transform": "translate3d(100%, 0, 0)",
              "transition": "all 0.5s",
              "width": "300px",
              "zIndex": 1100,
            }
          }
        >
          <div
            className="bm-menu"
            style={
              Object {
                "boxSizing": "border-box",
                "height": "100%",
                "overflow": "auto",
              }
            }
          >
            <nav
              className="bm-item-list"
              style={
                Object {
                  "height": "100%",
                }
              }
            >
              <a
                className="bm-item menu-item"
                href="/"
                id="home"
                style={
                  Object {
                    "display": "block",
                  }
                }
                tabIndex={-1}
              >
                <img
                  alt=""
                  src="home.svg"
                />
                Home
              </a>
              <a
                className="bm-item menu-item"
                href="/profile"
                id="profile"
                style={
                  Object {
                    "display": "block",
                  }
                }
                tabIndex={-1}
              >
                <img
                  alt=""
                  src="profile.svg"
                />
                Profile
              </a>
              <a
                className="bm-item menu-item"
                href="/create-broadcast"
                id="create-broadcast"
                style={
                  Object {
                    "display": "block",
                  }
                }
                tabIndex={-1}
              >
                <img
                  alt=""
                  src="broadcast.svg"
                />
                Create broadcast
              </a>
              <a
                className="bm-item menu-item"
                href="/delete-broadcast"
                id="delete-broadcast"
                style={
                  Object {
                    "display": "block",
                  }
                }
                tabIndex={-1}
              >
                <img
                  alt=""
                  src="delete.svg"
                />
                Delete broadcast
              </a>
              <a
                className="bm-item menu-item"
                href="/log-out"
                id="log-out"
                style={
                  Object {
                    "display": "block",
                  }
                }
                tabIndex={-1}
              >
                <img
                  alt=""
                  src="log-out.svg"
                />
                Log out
              </a>
            </nav>
          </div>
          <div
            style={Object {}}
          >
            <div
              className="bm-cross-button"
              style={
                Object {
                  "height": 24,
                  "position": "absolute",
                  "right": 8,
                  "top": 8,
                  "width": 24,
                }
              }
            >
              <button
                id="react-burger-cross-btn"
                onClick={[Function]}
                style={
                  Object {
                    "background": "transparent",
                    "border": "none",
                    "cursor": "pointer",
                    "fontSize": 0,
                    "height": "100%",
                    "left": 0,
                    "margin": 0,
                    "padding": 0,
                    "position": "absolute",
                    "top": 0,
                    "width": "100%",
                    "zIndex": 1,
                  }
                }
                tabIndex={-1}
              >
                Close Menu
              </button>
              <span
                style={
                  Object {
                    "position": "absolute",
                    "right": "14px",
                    "top": "6px",
                  }
                }
              >
                <span
                  className="bm-cross"
                  style={
                    Object {
                      "height": 14,
                      "position": "absolute",
                      "transform": "rotate(45deg)",
                      "width": 3,
                    }
                  }
                />
                <span
                  className="bm-cross"
                  style={
                    Object {
                      "height": 14,
                      "position": "absolute",
                      "transform": "rotate(-45deg)",
                      "width": 3,
                    }
                  }
                />
              </span>
            </div>
          </div>
        </div>
      </div>
    </div>
  </header>,
  <div
    className="content"
  >
     
    <div
      className="homepage"
    />
  </div>,
]
`;
